Started Sun 08/30/2026 12:57:52.97  (budget 1800 s per seed) 
 
================ seed 1 ================ 
=== STAGE 1: all optimal three-generator weight-8 stabilizers ===
column types over F_2^3: 15   generator-permutation group S_3: 6 elements

Number of raw optimal Stage-1 solutions:
  148   (distinct optimal multisets of 14 column subspace types, i.e. already
         modulo the 14! qubit permutations and the (S_3)^14 local Cliffords)

Number of inequivalent optimal Stage-1 solutions:
  45   (additionally modulo the S_3 permutations of the three generators)

Stage-1 optimum: M_3 = 80584 / 91770,  |U_3| = 11186   [GLOBAL OPTIMUM PROVEN, tree exhausted: 19553 nodes with symmetry, 100804 without]

--- orbit 0006 / 1 ---  g1=IIIIXXXXIIZZXX g2=IIIIXXIIXXXXZZ g3=IIIIIIZZZZZZZZ   |U_3| = 11186
    C(S3)/S3 dim 22, 2037794 weight-10 candidate classes, max cov1 = 5796, UB(M_8) = 11186
    M_8 = 11179 / 11186   residual 7 (w 1/1/2/3, dim 5)   M_final = 91763   w4-undetected 3
================================================================
COMPARISON OF INEQUIVALENT OPTIMAL STAGE-1 SOLUTIONS
================================================================

Orbit     M3       |U3|     M8       Final     Residual  W4-undetected  Stage2
----------------------------------------------------------------------------
0006      80584    11186    11179    91763     7         3              best known
================================================================

GLOBAL BEST KNOWN over the tested Stage-1 orbits:
  orbit 0006,  M_8 = 11179 / 11186,  M_final = 91763 / 91770  (99.99237223 %)
  Stage-1 generators:
    g1 = IIIIXXXXIIZZXX
    g2 = IIIIXXIIXXXXZZ
    g3 = IIIIIIZZZZZZZZ
  Stage-2 generators:
    h1 = XIIIXYYXZIYYZZ
    h2 = IXXIZZXIXIXXXX
    h3 = IIIXXZXYXZYXXI
    h4 = IZIIIXXZZYZXZY
    h5 = ZIIIXZZYIXYZYZ
    h6 = ZIIZXXXXYXIXYI
    h7 = IZIIXYXZXYIXYX
    h8 = IIXIXYZIYZXZYX

Remaining undetected errors: 7

Weight 1:
  IIXIIIIIIIIIII = X_2

Weight 2:
  IZIIXIIIIIIIII = Z_1 X_4

Weight 3:
  IZXIXIIIIIIIII = Z_1 X_2 X_4
  IIIIIIIYIIZYII = Y_7 Z_10 Y_11

Weight 4:
  IYIIIIXIIYIZII = Y_1 X_6 Y_9 Z_11
  IIXIIIIYIIZYII = X_2 Y_7 Z_10 Y_11
  IIIYYIIZZIIIII = Y_3 Y_4 Z_7 Z_8

Residual weight distribution: 1 / 1 / 2 / 3  (weights 1/2/3/4)
Residual set forms a subgroup (with the identity): NO
Residual subgroup dimension: 5
Generators:
  IIXIIIIIIIIIII = X_2
  IZIIXIIIIIIIII = Z_1 X_4
  IIIIIIIYIIZYII = Y_7 Z_10 Y_11
  IYIIIIXYIYZXII = Y_1 X_6 Y_7 Y_9 Z_10 X_11
  IIIYYIIZZIIIII = Y_3 Y_4 Z_7 Z_8
All residual errors are X-only: NO
Physical qubits involved: 1 2 3 4 6 7 8 9 10 11

NO FULL COVERAGE FOUND

Across all 1 tested inequivalent globally optimal Stage-1 solutions, the best
Stage-2 coverage is 11179 / 11186, leaving 7 residual errors (listed above).

Stage 1 is PROVEN globally optimal and its optimal family was enumerated
exhaustively.  Each Stage-2 search is heuristic unless marked PROVEN, so this
is a BEST-KNOWN result, not a proof of impossibility.

All weight-4 errors detected by some orbit: NO
Weight-4 error total (computed, not hard-coded): 81081

Elapsed: 1801.82 s
 
================ seed 2 ================ 
=== STAGE 1: all optimal three-generator weight-8 stabilizers ===
column types over F_2^3: 15   generator-permutation group S_3: 6 elements

Number of raw optimal Stage-1 solutions:
  148   (distinct optimal multisets of 14 column subspace types, i.e. already
         modulo the 14! qubit permutations and the (S_3)^14 local Cliffords)

Number of inequivalent optimal Stage-1 solutions:
  45   (additionally modulo the S_3 permutations of the three generators)

Stage-1 optimum: M_3 = 80584 / 91770,  |U_3| = 11186   [GLOBAL OPTIMUM PROVEN, tree exhausted: 19553 nodes with symmetry, 100804 without]

--- orbit 0006 / 1 ---  g1=IIIIXXXXIIZZXX g2=IIIIXXIIXXXXZZ g3=IIIIIIZZZZZZZZ   |U_3| = 11186
    C(S3)/S3 dim 22, 2037794 weight-10 candidate classes, max cov1 = 5796, UB(M_8) = 11186
    M_8 = 11179 / 11186   residual 7 (w 1/1/2/3, dim 5)   M_final = 91763   w4-undetected 3
================================================================
COMPARISON OF INEQUIVALENT OPTIMAL STAGE-1 SOLUTIONS
================================================================

Orbit     M3       |U3|     M8       Final     Residual  W4-undetected  Stage2
----------------------------------------------------------------------------
0006      80584    11186    11179    91763     7         3              best known
================================================================

GLOBAL BEST KNOWN over the tested Stage-1 orbits:
  orbit 0006,  M_8 = 11179 / 11186,  M_final = 91763 / 91770  (99.99237223 %)
  Stage-1 generators:
    g1 = IIIIXXXXIIZZXX
    g2 = IIIIXXIIXXXXZZ
    g3 = IIIIIIZZZZZZZZ
  Stage-2 generators:
    h1 = XIIIXYYXZIYYZZ
    h2 = IXIXZZXIXIXXXX
    h3 = IIXIXZXYXZYXXI
    h4 = IZIIIXXZZYZXZY
    h5 = ZIIIXZZYIXYZYZ
    h6 = ZIZIXXXXYXIXYI
    h7 = IZIIXYXZXYIXYX
    h8 = IIIXXYZIYZXZYX

Remaining undetected errors: 7

Weight 1:
  IIIXIIIIIIIIII = X_3

Weight 2:
  IZIIXIIIIIIIII = Z_1 X_4

Weight 3:
  IZIXXIIIIIIIII = Z_1 X_3 X_4
  IIIIIIIYIIZYII = Y_7 Z_10 Y_11

Weight 4:
  IYIIIIXIIYIZII = Y_1 X_6 Y_9 Z_11
  IIYIYIIZZIIIII = Y_2 Y_4 Z_7 Z_8
  IIIXIIIYIIZYII = X_3 Y_7 Z_10 Y_11

Residual weight distribution: 1 / 1 / 2 / 3  (weights 1/2/3/4)
Residual set forms a subgroup (with the identity): NO
Residual subgroup dimension: 5
Generators:
  IIIXIIIIIIIIII = X_3
  IZIIXIIIIIIIII = Z_1 X_4
  IIIIIIIYIIZYII = Y_7 Z_10 Y_11
  IYIIIIXYIYZXII = Y_1 X_6 Y_7 Y_9 Z_10 X_11
  IIYIYIIZZIIIII = Y_2 Y_4 Z_7 Z_8
All residual errors are X-only: NO
Physical qubits involved: 1 2 3 4 6 7 8 9 10 11

NO FULL COVERAGE FOUND

Across all 1 tested inequivalent globally optimal Stage-1 solutions, the best
Stage-2 coverage is 11179 / 11186, leaving 7 residual errors (listed above).

Stage 1 is PROVEN globally optimal and its optimal family was enumerated
exhaustively.  Each Stage-2 search is heuristic unless marked PROVEN, so this
is a BEST-KNOWN result, not a proof of impossibility.

All weight-4 errors detected by some orbit: NO
Weight-4 error total (computed, not hard-coded): 81081

Elapsed: 1801.77 s
 
================ seed 3 ================ 
=== STAGE 1: all optimal three-generator weight-8 stabilizers ===
column types over F_2^3: 15   generator-permutation group S_3: 6 elements

Number of raw optimal Stage-1 solutions:
  148   (distinct optimal multisets of 14 column subspace types, i.e. already
         modulo the 14! qubit permutations and the (S_3)^14 local Cliffords)

Number of inequivalent optimal Stage-1 solutions:
  45   (additionally modulo the S_3 permutations of the three generators)

Stage-1 optimum: M_3 = 80584 / 91770,  |U_3| = 11186   [GLOBAL OPTIMUM PROVEN, tree exhausted: 19553 nodes with symmetry, 100804 without]

--- orbit 0006 / 1 ---  g1=IIIIXXXXIIZZXX g2=IIIIXXIIXXXXZZ g3=IIIIIIZZZZZZZZ   |U_3| = 11186
    C(S3)/S3 dim 22, 2037794 weight-10 candidate classes, max cov1 = 5796, UB(M_8) = 11186
    M_8 = 11179 / 11186   residual 7 (w 3/3/1/0, dim 3, subgroup, X-only)   M_final = 91763   w4-undetected 0  <== ALL WEIGHT-4 DETECTED
============================================================
ALL WEIGHT-4 ERRORS DETECTED
============================================================
Weight-4 errors:
Detected: 81081
Undetected: 0
(orbit 0006)
================================================================
COMPARISON OF INEQUIVALENT OPTIMAL STAGE-1 SOLUTIONS
================================================================

Orbit     M3       |U3|     M8       Final     Residual  W4-undetected  Stage2
----------------------------------------------------------------------------
0006      80584    11186    11179    91763     7         0              best known
================================================================

GLOBAL BEST KNOWN over the tested Stage-1 orbits:
  orbit 0006,  M_8 = 11179 / 11186,  M_final = 91763 / 91770  (99.99237223 %)
  Stage-1 generators:
    g1 = IIIIXXXXIIZZXX
    g2 = IIIIXXIIXXXXZZ
    g3 = IIIIIIZZZZZZZZ
  Stage-2 generators:
    h1 = XIIIZXYIZXYYXX
    h2 = IXIIXIXXZYYXZY
    h3 = IIXIXZXYXZYXXI
    h4 = XIIIXZZYIXYZYZ
    h5 = IIIXYXZYXIZYZY
    h6 = IIIZYXYXXYXZYI
    h7 = IIXIXYXZZXIYZX
    h8 = IIIZZXXYYZXZZI

Remaining undetected errors: 7

Weight 1:
  XIIIIIIIIIIIII = X_0
  IXIIIIIIIIIIII = X_1
  IIXIIIIIIIIIII = X_2

Weight 2:
  XXIIIIIIIIIIII = X_0 X_1
  XIXIIIIIIIIIII = X_0 X_2
  IXXIIIIIIIIIII = X_1 X_2

Weight 3:
  XXXIIIIIIIIIII = X_0 X_1 X_2

Weight 4:
  (none)

Residual weight distribution: 3 / 3 / 1 / 0  (weights 1/2/3/4)
Residual set forms a subgroup (with the identity): YES
Residual subgroup dimension: 3
Generators:
  XIIIIIIIIIIIII = X_0
  IXIIIIIIIIIIII = X_1
  IIXIIIIIIIIIII = X_2
All residual errors are X-only: YES
Physical qubits involved: 0 1 2

NO FULL COVERAGE FOUND

Across all 1 tested inequivalent globally optimal Stage-1 solutions, the best
Stage-2 coverage is 11179 / 11186, leaving 7 residual errors (listed above).

Stage 1 is PROVEN globally optimal and its optimal family was enumerated
exhaustively.  Each Stage-2 search is heuristic unless marked PROVEN, so this
is a BEST-KNOWN result, not a proof of impossibility.

All weight-4 errors detected by some orbit: YES
Weight-4 error total (computed, not hard-coded): 81081

Elapsed: 1802.16 s
 
================ seed 5 ================ 
=== STAGE 1: all optimal three-generator weight-8 stabilizers ===
column types over F_2^3: 15   generator-permutation group S_3: 6 elements

Number of raw optimal Stage-1 solutions:
  148   (distinct optimal multisets of 14 column subspace types, i.e. already
         modulo the 14! qubit permutations and the (S_3)^14 local Cliffords)

Number of inequivalent optimal Stage-1 solutions:
  45   (additionally modulo the S_3 permutations of the three generators)

Stage-1 optimum: M_3 = 80584 / 91770,  |U_3| = 11186   [GLOBAL OPTIMUM PROVEN, tree exhausted: 19553 nodes with symmetry, 100804 without]

--- orbit 0006 / 1 ---  g1=IIIIXXXXIIZZXX g2=IIIIXXIIXXXXZZ g3=IIIIIIZZZZZZZZ   |U_3| = 11186
    C(S3)/S3 dim 22, 2037794 weight-10 candidate classes, max cov1 = 5796, UB(M_8) = 11186
    M_8 = 11179 / 11186   residual 7 (w 1/1/2/3, dim 5)   M_final = 91763   w4-undetected 3
================================================================
COMPARISON OF INEQUIVALENT OPTIMAL STAGE-1 SOLUTIONS
================================================================

Orbit     M3       |U3|     M8       Final     Residual  W4-undetected  Stage2
----------------------------------------------------------------------------
0006      80584    11186    11179    91763     7         3              best known
================================================================

GLOBAL BEST KNOWN over the tested Stage-1 orbits:
  orbit 0006,  M_8 = 11179 / 11186,  M_final = 91763 / 91770  (99.99237223 %)
  Stage-1 generators:
    g1 = IIIIXXXXIIZZXX
    g2 = IIIIXXIIXXXXZZ
    g3 = IIIIIIZZZZZZZZ
  Stage-2 generators:
    h1 = XIIIXYYXZIYYZZ
    h2 = IIXXZZXIXIXXXX
    h3 = IXIIXZXYXZYXIX
    h4 = IIZIIXXZZYZXYZ
    h5 = ZIIIXZZYIXYZZY
    h6 = ZZIIXXXXYXIXIY
    h7 = IIZIXYYIYXZYYX
    h8 = IIIXXYYXZYZXZI

Remaining undetected errors: 7

Weight 1:
  IIIXIIIIIIIIII = X_3

Weight 2:
  IIZIXIIIIIIIII = Z_2 X_4

Weight 3:
  IIZXXIIIIIIIII = Z_2 X_3 X_4
  IIIIIIIYIIZYII = Y_7 Z_10 Y_11

Weight 4:
  IYIIYIIZZIIIII = Y_1 Y_4 Z_7 Z_8
  IIYIIIXIIYIZII = Y_2 X_6 Y_9 Z_11
  IIIXIIIYIIZYII = X_3 Y_7 Z_10 Y_11

Residual weight distribution: 1 / 1 / 2 / 3  (weights 1/2/3/4)
Residual set forms a subgroup (with the identity): NO
Residual subgroup dimension: 5
Generators:
  IIIXIIIIIIIIII = X_3
  IIZIXIIIIIIIII = Z_2 X_4
  IIIIIIIYIIZYII = Y_7 Z_10 Y_11
  IYIIYIIZZIIIII = Y_1 Y_4 Z_7 Z_8
  IIYIIIXYIYZXII = Y_2 X_6 Y_7 Y_9 Z_10 X_11
All residual errors are X-only: NO
Physical qubits involved: 1 2 3 4 6 7 8 9 10 11

NO FULL COVERAGE FOUND

Across all 1 tested inequivalent globally optimal Stage-1 solutions, the best
Stage-2 coverage is 11179 / 11186, leaving 7 residual errors (listed above).

Stage 1 is PROVEN globally optimal and its optimal family was enumerated
exhaustively.  Each Stage-2 search is heuristic unless marked PROVEN, so this
is a BEST-KNOWN result, not a proof of impossibility.

All weight-4 errors detected by some orbit: NO
Weight-4 error total (computed, not hard-coded): 81081

Elapsed: 1802.42 s
 
================ seed 8 ================ 
=== STAGE 1: all optimal three-generator weight-8 stabilizers ===
column types over F_2^3: 15   generator-permutation group S_3: 6 elements

Number of raw optimal Stage-1 solutions:
  148   (distinct optimal multisets of 14 column subspace types, i.e. already
         modulo the 14! qubit permutations and the (S_3)^14 local Cliffords)

Number of inequivalent optimal Stage-1 solutions:
  45   (additionally modulo the S_3 permutations of the three generators)

Stage-1 optimum: M_3 = 80584 / 91770,  |U_3| = 11186   [GLOBAL OPTIMUM PROVEN, tree exhausted: 19553 nodes with symmetry, 100804 without]

--- orbit 0006 / 1 ---  g1=IIIIXXXXIIZZXX g2=IIIIXXIIXXXXZZ g3=IIIIIIZZZZZZZZ   |U_3| = 11186
    C(S3)/S3 dim 22, 2037794 weight-10 candidate classes, max cov1 = 5796, UB(M_8) = 11186
    M_8 = 11179 / 11186   residual 7 (w 1/1/2/3, dim 5)   M_final = 91763   w4-undetected 3
================================================================
COMPARISON OF INEQUIVALENT OPTIMAL STAGE-1 SOLUTIONS
================================================================

Orbit     M3       |U3|     M8       Final     Residual  W4-undetected  Stage2
----------------------------------------------------------------------------
0006      80584    11186    11179    91763     7         3              best known
================================================================

GLOBAL BEST KNOWN over the tested Stage-1 orbits:
  orbit 0006,  M_8 = 11179 / 11186,  M_final = 91763 / 91770  (99.99237223 %)
  Stage-1 generators:
    g1 = IIIIXXXXIIZZXX
    g2 = IIIIXXIIXXXXZZ
    g3 = IIIIIIZZZZZZZZ
  Stage-2 generators:
    h1 = XIIIXYYXZIYYZZ
    h2 = IXIXZZXIXIXXXX
    h3 = IIXIXZXYXZYXXI
    h4 = IZIIIXXZZYZXZY
    h5 = ZIIIXZZYIXYZYZ
    h6 = ZIZIXXXXYXIXYI
    h7 = IZIIXYXZXYIXYX
    h8 = IIIXXYZIYZXZYX

Remaining undetected errors: 7

Weight 1:
  IIIXIIIIIIIIII = X_3

Weight 2:
  IZIIXIIIIIIIII = Z_1 X_4

Weight 3:
  IZIXXIIIIIIIII = Z_1 X_3 X_4
  IIIIIIIYIIZYII = Y_7 Z_10 Y_11

Weight 4:
  IYIIIIXIIYIZII = Y_1 X_6 Y_9 Z_11
  IIYIYIIZZIIIII = Y_2 Y_4 Z_7 Z_8
  IIIXIIIYIIZYII = X_3 Y_7 Z_10 Y_11

Residual weight distribution: 1 / 1 / 2 / 3  (weights 1/2/3/4)
Residual set forms a subgroup (with the identity): NO
Residual subgroup dimension: 5
Generators:
  IIIXIIIIIIIIII = X_3
  IZIIXIIIIIIIII = Z_1 X_4
  IIIIIIIYIIZYII = Y_7 Z_10 Y_11
  IYIIIIXYIYZXII = Y_1 X_6 Y_7 Y_9 Z_10 X_11
  IIYIYIIZZIIIII = Y_2 Y_4 Z_7 Z_8
All residual errors are X-only: NO
Physical qubits involved: 1 2 3 4 6 7 8 9 10 11

NO FULL COVERAGE FOUND

Across all 1 tested inequivalent globally optimal Stage-1 solutions, the best
Stage-2 coverage is 11179 / 11186, leaving 7 residual errors (listed above).

Stage 1 is PROVEN globally optimal and its optimal family was enumerated
exhaustively.  Each Stage-2 search is heuristic unless marked PROVEN, so this
is a BEST-KNOWN result, not a proof of impossibility.

All weight-4 errors detected by some orbit: NO
Weight-4 error total (computed, not hard-coded): 81081

Elapsed: 1800.58 s
 
================ seed 13 ================ 
=== STAGE 1: all optimal three-generator weight-8 stabilizers ===
column types over F_2^3: 15   generator-permutation group S_3: 6 elements

Number of raw optimal Stage-1 solutions:
  148   (distinct optimal multisets of 14 column subspace types, i.e. already
         modulo the 14! qubit permutations and the (S_3)^14 local Cliffords)

Number of inequivalent optimal Stage-1 solutions:
  45   (additionally modulo the S_3 permutations of the three generators)

Stage-1 optimum: M_3 = 80584 / 91770,  |U_3| = 11186   [GLOBAL OPTIMUM PROVEN, tree exhausted: 19553 nodes with symmetry, 100804 without]

--- orbit 0006 / 1 ---  g1=IIIIXXXXIIZZXX g2=IIIIXXIIXXXXZZ g3=IIIIIIZZZZZZZZ   |U_3| = 11186
    C(S3)/S3 dim 22, 2037794 weight-10 candidate classes, max cov1 = 5796, UB(M_8) = 11186
    M_8 = 11179 / 11186   residual 7 (w 1/1/2/3, dim 5)   M_final = 91763   w4-undetected 3
================================================================
COMPARISON OF INEQUIVALENT OPTIMAL STAGE-1 SOLUTIONS
================================================================

Orbit     M3       |U3|     M8       Final     Residual  W4-undetected  Stage2
----------------------------------------------------------------------------
0006      80584    11186    11179    91763     7         3              best known
================================================================

GLOBAL BEST KNOWN over the tested Stage-1 orbits:
  orbit 0006,  M_8 = 11179 / 11186,  M_final = 91763 / 91770  (99.99237223 %)
  Stage-1 generators:
    g1 = IIIIXXXXIIZZXX
    g2 = IIIIXXIIXXXXZZ
    g3 = IIIIIIZZZZZZZZ
  Stage-2 generators:
    h1 = IXIIXYYXZIYYZZ
    h2 = XIIXZZXIXIXXXX
    h3 = IIXIXZXYXZYXIX
    h4 = ZIIIIXXZZYZXYZ
    h5 = IZIIXZZYIXYZZY
    h6 = IZZIXXXXYXIXIY
    h7 = ZIIIXYYIYXZYYX
    h8 = IIIXXYYXZYZXZI

Remaining undetected errors: 7

Weight 1:
  IIIXIIIIIIIIII = X_3

Weight 2:
  ZIIIXIIIIIIIII = Z_0 X_4

Weight 3:
  ZIIXXIIIIIIIII = Z_0 X_3 X_4
  IIIIIIIYIIZYII = Y_7 Z_10 Y_11

Weight 4:
  YIIIIIXIIYIZII = Y_0 X_6 Y_9 Z_11
  IIYIYIIZZIIIII = Y_2 Y_4 Z_7 Z_8
  IIIXIIIYIIZYII = X_3 Y_7 Z_10 Y_11

Residual weight distribution: 1 / 1 / 2 / 3  (weights 1/2/3/4)
Residual set forms a subgroup (with the identity): NO
Residual subgroup dimension: 5
Generators:
  IIIXIIIIIIIIII = X_3
  ZIIIXIIIIIIIII = Z_0 X_4
  IIIIIIIYIIZYII = Y_7 Z_10 Y_11
  YIIIIIXYIYZXII = Y_0 X_6 Y_7 Y_9 Z_10 X_11
  IIYIYIIZZIIIII = Y_2 Y_4 Z_7 Z_8
All residual errors are X-only: NO
Physical qubits involved: 0 2 3 4 6 7 8 9 10 11

NO FULL COVERAGE FOUND

Across all 1 tested inequivalent globally optimal Stage-1 solutions, the best
Stage-2 coverage is 11179 / 11186, leaving 7 residual errors (listed above).

Stage 1 is PROVEN globally optimal and its optimal family was enumerated
exhaustively.  Each Stage-2 search is heuristic unless marked PROVEN, so this
is a BEST-KNOWN result, not a proof of impossibility.

All weight-4 errors detected by some orbit: NO
Weight-4 error total (computed, not hard-coded): 81081

Elapsed: 1800.73 s
 
================ seed 21 ================ 
=== STAGE 1: all optimal three-generator weight-8 stabilizers ===
column types over F_2^3: 15   generator-permutation group S_3: 6 elements

Number of raw optimal Stage-1 solutions:
  148   (distinct optimal multisets of 14 column subspace types, i.e. already
         modulo the 14! qubit permutations and the (S_3)^14 local Cliffords)

Number of inequivalent optimal Stage-1 solutions:
  45   (additionally modulo the S_3 permutations of the three generators)

Stage-1 optimum: M_3 = 80584 / 91770,  |U_3| = 11186   [GLOBAL OPTIMUM PROVEN, tree exhausted: 19553 nodes with symmetry, 100804 without]

--- orbit 0006 / 1 ---  g1=IIIIXXXXIIZZXX g2=IIIIXXIIXXXXZZ g3=IIIIIIZZZZZZZZ   |U_3| = 11186
    C(S3)/S3 dim 22, 2037794 weight-10 candidate classes, max cov1 = 5796, UB(M_8) = 11186
    M_8 = 11181 / 11186   residual 5 (w 0/0/2/3, dim 5)   M_final = 91765   w4-undetected 3
================================================================
COMPARISON OF INEQUIVALENT OPTIMAL STAGE-1 SOLUTIONS
================================================================

Orbit     M3       |U3|     M8       Final     Residual  W4-undetected  Stage2
----------------------------------------------------------------------------
0006      80584    11186    11181    91765     5         3              best known
================================================================

GLOBAL BEST KNOWN over the tested Stage-1 orbits:
  orbit 0006,  M_8 = 11181 / 11186,  M_final = 91765 / 91770  (99.99455160 %)
  Stage-1 generators:
    g1 = IIIIXXXXIIZZXX
    g2 = IIIIXXIIXXXXZZ
    g3 = IIIIIIZZZZZZZZ
  Stage-2 generators:
    h1 = IXIXXXIZYZIXXX
    h2 = IZXIXXYIXYIYXX
    h3 = IIIZYXZXYXZIZY
    h4 = IIIYXZYIYZZYZX
    h5 = IIZIXZXYZXZYIZ
    h6 = XIIIXYXZXYIXYX
    h7 = IIYIZXZXYXXIYX
    h8 = ZIIIZXIZZYZXYX

Remaining undetected errors: 5

Weight 1:
  (none)

Weight 2:
  (none)

Weight 3:
  IIIXIIIIIIIIZZ = X_3 Z_12 Z_13
  IIIIIIXZIIIXII = X_6 Z_7 X_11

Weight 4:
  YIIIIZIIIYIXII = Y_0 Z_5 Y_9 X_11
  IXIIIIZYXIIIII = X_1 Z_6 Y_7 X_8
  IIZIXIIIIIXXII = Z_2 X_4 X_10 X_11

Residual weight distribution: 0 / 0 / 2 / 3  (weights 1/2/3/4)
Residual set forms a subgroup (with the identity): NO
Residual subgroup dimension: 5
Generators:
  IIIXIIIIIIIIZZ = X_3 Z_12 Z_13
  IIIIIIXZIIIXII = X_6 Z_7 X_11
  YIIIIZIIIYIXII = Y_0 Z_5 Y_9 X_11
  IXIIIIYXXIIXII = X_1 Y_6 X_7 X_8 X_11
  IIZIXIIIIIXXII = Z_2 X_4 X_10 X_11
All residual errors are X-only: NO
Physical qubits involved: 0 1 2 3 4 5 6 7 8 9 10 11 12 13

NO FULL COVERAGE FOUND

Across all 1 tested inequivalent globally optimal Stage-1 solutions, the best
Stage-2 coverage is 11181 / 11186, leaving 5 residual errors (listed above).

Stage 1 is PROVEN globally optimal and its optimal family was enumerated
exhaustively.  Each Stage-2 search is heuristic unless marked PROVEN, so this
is a BEST-KNOWN result, not a proof of impossibility.

All weight-4 errors detected by some orbit: NO
Weight-4 error total (computed, not hard-coded): 81081

Elapsed: 1800.83 s
 
================ seed 34 ================ 
=== STAGE 1: all optimal three-generator weight-8 stabilizers ===
column types over F_2^3: 15   generator-permutation group S_3: 6 elements

Number of raw optimal Stage-1 solutions:
  148   (distinct optimal multisets of 14 column subspace types, i.e. already
         modulo the 14! qubit permutations and the (S_3)^14 local Cliffords)

Number of inequivalent optimal Stage-1 solutions:
  45   (additionally modulo the S_3 permutations of the three generators)

Stage-1 optimum: M_3 = 80584 / 91770,  |U_3| = 11186   [GLOBAL OPTIMUM PROVEN, tree exhausted: 19553 nodes with symmetry, 100804 without]

--- orbit 0006 / 1 ---  g1=IIIIXXXXIIZZXX g2=IIIIXXIIXXXXZZ g3=IIIIIIZZZZZZZZ   |U_3| = 11186
    C(S3)/S3 dim 22, 2037794 weight-10 candidate classes, max cov1 = 5796, UB(M_8) = 11186
    M_8 = 11179 / 11186   residual 7 (w 1/1/2/3, dim 5)   M_final = 91763   w4-undetected 3
================================================================
COMPARISON OF INEQUIVALENT OPTIMAL STAGE-1 SOLUTIONS
================================================================

Orbit     M3       |U3|     M8       Final     Residual  W4-undetected  Stage2
----------------------------------------------------------------------------
0006      80584    11186    11179    91763     7         3              best known
================================================================

GLOBAL BEST KNOWN over the tested Stage-1 orbits:
  orbit 0006,  M_8 = 11179 / 11186,  M_final = 91763 / 91770  (99.99237223 %)
  Stage-1 generators:
    g1 = IIIIXXXXIIZZXX
    g2 = IIIIXXIIXXXXZZ
    g3 = IIIIIIZZZZZZZZ
  Stage-2 generators:
    h1 = IIXIXYYXZIYYZZ
    h2 = IXIXZIZXIYYYXX
    h3 = IZXIXXXIYIXYYY
    h4 = IIIZIXZYZXYXXX
    h5 = IIXZXXIYYZXZIX
    h6 = XIIIXYYZZXZXIX
    h7 = IXIIXYZXZZXXIX
    h8 = ZIIIXYYXYXIYZX

Remaining undetected errors: 7

Weight 1:
  IIXIIIIIIIIIII = X_2

Weight 2:
  IIIZXIIIIIIIII = Z_3 X_4

Weight 3:
  XIIIIIIIIIIIXX = X_0 X_12 X_13
  IIXZXIIIIIIIII = X_2 Z_3 X_4

Weight 4:
  XIXIIIIIIIIIXX = X_0 X_2 X_12 X_13
  IYIIZIIXIIIIYI = Y_1 Z_4 X_7 Y_12
  IIIYIYIIXIIIIY = Y_3 Y_5 X_8 Y_13

Residual weight distribution: 1 / 1 / 2 / 3  (weights 1/2/3/4)
Residual set forms a subgroup (with the identity): NO
Residual subgroup dimension: 5
Generators:
  IIXIIIIIIIIIII = X_2
  IIIZXIIIIIIIII = Z_3 X_4
  XIIIIIIIIIIIXX = X_0 X_12 X_13
  IYIIZIIXIIIIYI = Y_1 Z_4 X_7 Y_12
  IIIYIYIIXIIIIY = Y_3 Y_5 X_8 Y_13
All residual errors are X-only: NO
Physical qubits involved: 0 1 2 3 4 5 7 8 12 13

NO FULL COVERAGE FOUND

Across all 1 tested inequivalent globally optimal Stage-1 solutions, the best
Stage-2 coverage is 11179 / 11186, leaving 7 residual errors (listed above).

Stage 1 is PROVEN globally optimal and its optimal family was enumerated
exhaustively.  Each Stage-2 search is heuristic unless marked PROVEN, so this
is a BEST-KNOWN result, not a proof of impossibility.

All weight-4 errors detected by some orbit: NO
Weight-4 error total (computed, not hard-coded): 81081

Elapsed: 1800.73 s
 
================ seed 55 ================ 
=== STAGE 1: all optimal three-generator weight-8 stabilizers ===
column types over F_2^3: 15   generator-permutation group S_3: 6 elements

Number of raw optimal Stage-1 solutions:
  148   (distinct optimal multisets of 14 column subspace types, i.e. already
         modulo the 14! qubit permutations and the (S_3)^14 local Cliffords)

Number of inequivalent optimal Stage-1 solutions:
  45   (additionally modulo the S_3 permutations of the three generators)

Stage-1 optimum: M_3 = 80584 / 91770,  |U_3| = 11186   [GLOBAL OPTIMUM PROVEN, tree exhausted: 19553 nodes with symmetry, 100804 without]

--- orbit 0006 / 1 ---  g1=IIIIXXXXIIZZXX g2=IIIIXXIIXXXXZZ g3=IIIIIIZZZZZZZZ   |U_3| = 11186
    C(S3)/S3 dim 22, 2037794 weight-10 candidate classes, max cov1 = 5796, UB(M_8) = 11186
    M_8 = 11179 / 11186   residual 7 (w 3/3/1/0, dim 3, subgroup, X-only)   M_final = 91763   w4-undetected 0  <== ALL WEIGHT-4 DETECTED
============================================================
ALL WEIGHT-4 ERRORS DETECTED
============================================================
Weight-4 errors:
Detected: 81081
Undetected: 0
(orbit 0006)
================================================================
COMPARISON OF INEQUIVALENT OPTIMAL STAGE-1 SOLUTIONS
================================================================

Orbit     M3       |U3|     M8       Final     Residual  W4-undetected  Stage2
----------------------------------------------------------------------------
0006      80584    11186    11179    91763     7         0              best known
================================================================

GLOBAL BEST KNOWN over the tested Stage-1 orbits:
  orbit 0006,  M_8 = 11179 / 11186,  M_final = 91763 / 91770  (99.99237223 %)
  Stage-1 generators:
    g1 = IIIIXXXXIIZZXX
    g2 = IIIIXXIIXXXXZZ
    g3 = IIIIIIZZZZZZZZ
  Stage-2 generators:
    h1 = IXIIXZIZZZXYXX
    h2 = XIIIXYZYIXZYYZ
    h3 = XIIIYXZYZIYXZX
    h4 = ZIIIZXYZXYZIZX
    h5 = IIXIXZXZZXZXYI
    h6 = IIIXXYYIYZZYZX
    h7 = IXIIZXYYXIYYZX
    h8 = YIIIZXXYZXZYIZ

Remaining undetected errors: 7

Weight 1:
  IXIIIIIIIIIIII = X_1
  IIXIIIIIIIIIII = X_2
  IIIXIIIIIIIIII = X_3

Weight 2:
  IXXIIIIIIIIIII = X_1 X_2
  IXIXIIIIIIIIII = X_1 X_3
  IIXXIIIIIIIIII = X_2 X_3

Weight 3:
  IXXXIIIIIIIIII = X_1 X_2 X_3

Weight 4:
  (none)

Residual weight distribution: 3 / 3 / 1 / 0  (weights 1/2/3/4)
Residual set forms a subgroup (with the identity): YES
Residual subgroup dimension: 3
Generators:
  IXIIIIIIIIIIII = X_1
  IIXIIIIIIIIIII = X_2
  IIIXIIIIIIIIII = X_3
All residual errors are X-only: YES
Physical qubits involved: 1 2 3

NO FULL COVERAGE FOUND

Across all 1 tested inequivalent globally optimal Stage-1 solutions, the best
Stage-2 coverage is 11179 / 11186, leaving 7 residual errors (listed above).

Stage 1 is PROVEN globally optimal and its optimal family was enumerated
exhaustively.  Each Stage-2 search is heuristic unless marked PROVEN, so this
is a BEST-KNOWN result, not a proof of impossibility.

All weight-4 errors detected by some orbit: YES
Weight-4 error total (computed, not hard-coded): 81081

Elapsed: 1800.88 s
 
================ seed 89 ================ 
=== STAGE 1: all optimal three-generator weight-8 stabilizers ===
column types over F_2^3: 15   generator-permutation group S_3: 6 elements

Number of raw optimal Stage-1 solutions:
  148   (distinct optimal multisets of 14 column subspace types, i.e. already
         modulo the 14! qubit permutations and the (S_3)^14 local Cliffords)

Number of inequivalent optimal Stage-1 solutions:
  45   (additionally modulo the S_3 permutations of the three generators)

Stage-1 optimum: M_3 = 80584 / 91770,  |U_3| = 11186   [GLOBAL OPTIMUM PROVEN, tree exhausted: 19553 nodes with symmetry, 100804 without]

--- orbit 0006 / 1 ---  g1=IIIIXXXXIIZZXX g2=IIIIXXIIXXXXZZ g3=IIIIIIZZZZZZZZ   |U_3| = 11186
    C(S3)/S3 dim 22, 2037794 weight-10 candidate classes, max cov1 = 5796, UB(M_8) = 11186
    M_8 = 11179 / 11186   residual 7 (w 1/1/2/3, dim 5)   M_final = 91763   w4-undetected 3
================================================================
COMPARISON OF INEQUIVALENT OPTIMAL STAGE-1 SOLUTIONS
================================================================

Orbit     M3       |U3|     M8       Final     Residual  W4-undetected  Stage2
----------------------------------------------------------------------------
0006      80584    11186    11179    91763     7         3              best known
================================================================

GLOBAL BEST KNOWN over the tested Stage-1 orbits:
  orbit 0006,  M_8 = 11179 / 11186,  M_final = 91763 / 91770  (99.99237223 %)
  Stage-1 generators:
    g1 = IIIIXXXXIIZZXX
    g2 = IIIIXXIIXXXXZZ
    g3 = IIIIIIZZZZZZZZ
  Stage-2 generators:
    h1 = XIIIXYYXZIYYZZ
    h2 = IXIXZZXIXIXXXX
    h3 = IIXIXZXYXZYXIX
    h4 = IZIIIXXZZYZXYZ
    h5 = ZIIIXZZYIXYZZY
    h6 = ZIZIXXXXYXIXIY
    h7 = IZIIXYYIYXZYYX
    h8 = IIIXXYYXZYZXZI

Remaining undetected errors: 7

Weight 1:
  IIIXIIIIIIIIII = X_3

Weight 2:
  IZIIXIIIIIIIII = Z_1 X_4

Weight 3:
  IZIXXIIIIIIIII = Z_1 X_3 X_4
  IIIIIIIYIIZYII = Y_7 Z_10 Y_11

Weight 4:
  IYIIIIXIIYIZII = Y_1 X_6 Y_9 Z_11
  IIYIYIIZZIIIII = Y_2 Y_4 Z_7 Z_8
  IIIXIIIYIIZYII = X_3 Y_7 Z_10 Y_11

Residual weight distribution: 1 / 1 / 2 / 3  (weights 1/2/3/4)
Residual set forms a subgroup (with the identity): NO
Residual subgroup dimension: 5
Generators:
  IIIXIIIIIIIIII = X_3
  IZIIXIIIIIIIII = Z_1 X_4
  IIIIIIIYIIZYII = Y_7 Z_10 Y_11
  IYIIIIXYIYZXII = Y_1 X_6 Y_7 Y_9 Z_10 X_11
  IIYIYIIZZIIIII = Y_2 Y_4 Z_7 Z_8
All residual errors are X-only: NO
Physical qubits involved: 1 2 3 4 6 7 8 9 10 11

NO FULL COVERAGE FOUND

Across all 1 tested inequivalent globally optimal Stage-1 solutions, the best
Stage-2 coverage is 11179 / 11186, leaving 7 residual errors (listed above).

Stage 1 is PROVEN globally optimal and its optimal family was enumerated
exhaustively.  Each Stage-2 search is heuristic unless marked PROVEN, so this
is a BEST-KNOWN result, not a proof of impossibility.

All weight-4 errors detected by some orbit: NO
Weight-4 error total (computed, not hard-coded): 81081

Elapsed: 1800.93 s
 
================ seed 144 ================ 
=== STAGE 1: all optimal three-generator weight-8 stabilizers ===
column types over F_2^3: 15   generator-permutation group S_3: 6 elements

Number of raw optimal Stage-1 solutions:
  148   (distinct optimal multisets of 14 column subspace types, i.e. already
         modulo the 14! qubit permutations and the (S_3)^14 local Cliffords)

Number of inequivalent optimal Stage-1 solutions:
  45   (additionally modulo the S_3 permutations of the three generators)

Stage-1 optimum: M_3 = 80584 / 91770,  |U_3| = 11186   [GLOBAL OPTIMUM PROVEN, tree exhausted: 19553 nodes with symmetry, 100804 without]

--- orbit 0006 / 1 ---  g1=IIIIXXXXIIZZXX g2=IIIIXXIIXXXXZZ g3=IIIIIIZZZZZZZZ   |U_3| = 11186
    C(S3)/S3 dim 22, 2037794 weight-10 candidate classes, max cov1 = 5796, UB(M_8) = 11186
    M_8 = 11179 / 11186   residual 7 (w 1/1/2/3, dim 5)   M_final = 91763   w4-undetected 3
================================================================
COMPARISON OF INEQUIVALENT OPTIMAL STAGE-1 SOLUTIONS
================================================================

Orbit     M3       |U3|     M8       Final     Residual  W4-undetected  Stage2
----------------------------------------------------------------------------
0006      80584    11186    11179    91763     7         3              best known
================================================================

GLOBAL BEST KNOWN over the tested Stage-1 orbits:
  orbit 0006,  M_8 = 11179 / 11186,  M_final = 91763 / 91770  (99.99237223 %)
  Stage-1 generators:
    g1 = IIIIXXXXIIZZXX
    g2 = IIIIXXIIXXXXZZ
    g3 = IIIIIIZZZZZZZZ
  Stage-2 generators:
    h1 = XIIIXYYXZIYYZZ
    h2 = IIXXZZXIXIXXXX
    h3 = IXIIXZXYXZXYXI
    h4 = IIZIIXXZZYXZZY
    h5 = ZIIIXZZYIXZYYZ
    h6 = ZZIIXXXXYXXIYI
    h7 = IIZIXYXZXYXIYX
    h8 = IIIXXYZIYZZXYX

Remaining undetected errors: 7

Weight 1:
  IIIXIIIIIIIIII = X_3

Weight 2:
  IIZIXIIIIIIIII = Z_2 X_4

Weight 3:
  IIZXXIIIIIIIII = Z_2 X_3 X_4
  IIIIIIIYIIYZII = Y_7 Y_10 Z_11

Weight 4:
  IYIIYIIZZIIIII = Y_1 Y_4 Z_7 Z_8
  IIYIIIXIIYZIII = Y_2 X_6 Y_9 Z_10
  IIIXIIIYIIYZII = X_3 Y_7 Y_10 Z_11

Residual weight distribution: 1 / 1 / 2 / 3  (weights 1/2/3/4)
Residual set forms a subgroup (with the identity): NO
Residual subgroup dimension: 5
Generators:
  IIIXIIIIIIIIII = X_3
  IIZIXIIIIIIIII = Z_2 X_4
  IIIIIIIYIIYZII = Y_7 Y_10 Z_11
  IYIIYIIZZIIIII = Y_1 Y_4 Z_7 Z_8
  IIYIIIXIIYZIII = Y_2 X_6 Y_9 Z_10
All residual errors are X-only: NO
Physical qubits involved: 1 2 3 4 6 7 8 9 10 11

NO FULL COVERAGE FOUND

Across all 1 tested inequivalent globally optimal Stage-1 solutions, the best
Stage-2 coverage is 11179 / 11186, leaving 7 residual errors (listed above).

Stage 1 is PROVEN globally optimal and its optimal family was enumerated
exhaustively.  Each Stage-2 search is heuristic unless marked PROVEN, so this
is a BEST-KNOWN result, not a proof of impossibility.

All weight-4 errors detected by some orbit: NO
Weight-4 error total (computed, not hard-coded): 81081

Elapsed: 1800.68 s
 
================ seed 233 ================ 
=== STAGE 1: all optimal three-generator weight-8 stabilizers ===
column types over F_2^3: 15   generator-permutation group S_3: 6 elements

Number of raw optimal Stage-1 solutions:
  148   (distinct optimal multisets of 14 column subspace types, i.e. already
         modulo the 14! qubit permutations and the (S_3)^14 local Cliffords)

Number of inequivalent optimal Stage-1 solutions:
  45   (additionally modulo the S_3 permutations of the three generators)

Stage-1 optimum: M_3 = 80584 / 91770,  |U_3| = 11186   [GLOBAL OPTIMUM PROVEN, tree exhausted: 19553 nodes with symmetry, 100804 without]

--- orbit 0006 / 1 ---  g1=IIIIXXXXIIZZXX g2=IIIIXXIIXXXXZZ g3=IIIIIIZZZZZZZZ   |U_3| = 11186
    C(S3)/S3 dim 22, 2037794 weight-10 candidate classes, max cov1 = 5796, UB(M_8) = 11186
    M_8 = 11179 / 11186   residual 7 (w 1/1/2/3, dim 5)   M_final = 91763   w4-undetected 3
================================================================
COMPARISON OF INEQUIVALENT OPTIMAL STAGE-1 SOLUTIONS
================================================================

Orbit     M3       |U3|     M8       Final     Residual  W4-undetected  Stage2
----------------------------------------------------------------------------
0006      80584    11186    11179    91763     7         3              best known
================================================================

GLOBAL BEST KNOWN over the tested Stage-1 orbits:
  orbit 0006,  M_8 = 11179 / 11186,  M_final = 91763 / 91770  (99.99237223 %)
  Stage-1 generators:
    g1 = IIIIXXXXIIZZXX
    g2 = IIIIXXIIXXXXZZ
    g3 = IIIIIIZZZZZZZZ
  Stage-2 generators:
    h1 = XIIIXYYXZIYYZZ
    h2 = IXIXZZXIXIXXXX
    h3 = IIXIXZXYXZYXXI
    h4 = IZIIIXXZZYZXZY
    h5 = ZIIIXZZYIXYZYZ
    h6 = ZIZIXXXXYXIXYI
    h7 = IZIIXYXZXYIXYX
    h8 = IIIXXYZIYZXZYX

Remaining undetected errors: 7

Weight 1:
  IIIXIIIIIIIIII = X_3

Weight 2:
  IZIIXIIIIIIIII = Z_1 X_4

Weight 3:
  IZIXXIIIIIIIII = Z_1 X_3 X_4
  IIIIIIIYIIZYII = Y_7 Z_10 Y_11

Weight 4:
  IYIIIIXIIYIZII = Y_1 X_6 Y_9 Z_11
  IIYIYIIZZIIIII = Y_2 Y_4 Z_7 Z_8
  IIIXIIIYIIZYII = X_3 Y_7 Z_10 Y_11

Residual weight distribution: 1 / 1 / 2 / 3  (weights 1/2/3/4)
Residual set forms a subgroup (with the identity): NO
Residual subgroup dimension: 5
Generators:
  IIIXIIIIIIIIII = X_3
  IZIIXIIIIIIIII = Z_1 X_4
  IIIIIIIYIIZYII = Y_7 Z_10 Y_11
  IYIIIIXYIYZXII = Y_1 X_6 Y_7 Y_9 Z_10 X_11
  IIYIYIIZZIIIII = Y_2 Y_4 Z_7 Z_8
All residual errors are X-only: NO
Physical qubits involved: 1 2 3 4 6 7 8 9 10 11

NO FULL COVERAGE FOUND

Across all 1 tested inequivalent globally optimal Stage-1 solutions, the best
Stage-2 coverage is 11179 / 11186, leaving 7 residual errors (listed above).

Stage 1 is PROVEN globally optimal and its optimal family was enumerated
exhaustively.  Each Stage-2 search is heuristic unless marked PROVEN, so this
is a BEST-KNOWN result, not a proof of impossibility.

All weight-4 errors detected by some orbit: NO
Weight-4 error total (computed, not hard-coded): 81081

Elapsed: 1800.72 s
 
================ seed 377 ================ 
=== STAGE 1: all optimal three-generator weight-8 stabilizers ===
column types over F_2^3: 15   generator-permutation group S_3: 6 elements

Number of raw optimal Stage-1 solutions:
  148   (distinct optimal multisets of 14 column subspace types, i.e. already
         modulo the 14! qubit permutations and the (S_3)^14 local Cliffords)

Number of inequivalent optimal Stage-1 solutions:
  45   (additionally modulo the S_3 permutations of the three generators)

Stage-1 optimum: M_3 = 80584 / 91770,  |U_3| = 11186   [GLOBAL OPTIMUM PROVEN, tree exhausted: 19553 nodes with symmetry, 100804 without]

--- orbit 0006 / 1 ---  g1=IIIIXXXXIIZZXX g2=IIIIXXIIXXXXZZ g3=IIIIIIZZZZZZZZ   |U_3| = 11186
    C(S3)/S3 dim 22, 2037794 weight-10 candidate classes, max cov1 = 5796, UB(M_8) = 11186
    M_8 = 11179 / 11186   residual 7 (w 3/3/1/0, dim 3, subgroup, X-only)   M_final = 91763   w4-undetected 0  <== ALL WEIGHT-4 DETECTED
============================================================
ALL WEIGHT-4 ERRORS DETECTED
============================================================
Weight-4 errors:
Detected: 81081
Undetected: 0
(orbit 0006)
================================================================
COMPARISON OF INEQUIVALENT OPTIMAL STAGE-1 SOLUTIONS
================================================================

Orbit     M3       |U3|     M8       Final     Residual  W4-undetected  Stage2
----------------------------------------------------------------------------
0006      80584    11186    11179    91763     7         0              best known
================================================================

GLOBAL BEST KNOWN over the tested Stage-1 orbits:
  orbit 0006,  M_8 = 11179 / 11186,  M_final = 91763 / 91770  (99.99237223 %)
  Stage-1 generators:
    g1 = IIIIXXXXIIZZXX
    g2 = IIIIXXIIXXXXZZ
    g3 = IIIIIIZZZZZZZZ
  Stage-2 generators:
    h1 = IIXIXYYXZXXYXI
    h2 = XIZIXXYIZYXZIX
    h3 = XXIIXXYXXYIXIX
    h4 = XIIIXYYXYXIYZX
    h5 = IIXIYXZXZXZXYI
    h6 = IIYIXIXYYZYXZX
    h7 = IIIXYXZIZXZYXY
    h8 = IIYIZXXIZYXYYX

Remaining undetected errors: 7

Weight 1:
  XIIIIIIIIIIIII = X_0
  IXIIIIIIIIIIII = X_1
  IIIXIIIIIIIIII = X_3

Weight 2:
  XXIIIIIIIIIIII = X_0 X_1
  XIIXIIIIIIIIII = X_0 X_3
  IXIXIIIIIIIIII = X_1 X_3

Weight 3:
  XXIXIIIIIIIIII = X_0 X_1 X_3

Weight 4:
  (none)

Residual weight distribution: 3 / 3 / 1 / 0  (weights 1/2/3/4)
Residual set forms a subgroup (with the identity): YES
Residual subgroup dimension: 3
Generators:
  XIIIIIIIIIIIII = X_0
  IXIIIIIIIIIIII = X_1
  IIIXIIIIIIIIII = X_3
All residual errors are X-only: YES
Physical qubits involved: 0 1 3

NO FULL COVERAGE FOUND

Across all 1 tested inequivalent globally optimal Stage-1 solutions, the best
Stage-2 coverage is 11179 / 11186, leaving 7 residual errors (listed above).

Stage 1 is PROVEN globally optimal and its optimal family was enumerated
exhaustively.  Each Stage-2 search is heuristic unless marked PROVEN, so this
is a BEST-KNOWN result, not a proof of impossibility.

All weight-4 errors detected by some orbit: YES
Weight-4 error total (computed, not hard-coded): 81081

Elapsed: 1800.66 s
 
================ seed 610 ================ 
=== STAGE 1: all optimal three-generator weight-8 stabilizers ===
column types over F_2^3: 15   generator-permutation group S_3: 6 elements

Number of raw optimal Stage-1 solutions:
  148   (distinct optimal multisets of 14 column subspace types, i.e. already
         modulo the 14! qubit permutations and the (S_3)^14 local Cliffords)

Number of inequivalent optimal Stage-1 solutions:
  45   (additionally modulo the S_3 permutations of the three generators)

Stage-1 optimum: M_3 = 80584 / 91770,  |U_3| = 11186   [GLOBAL OPTIMUM PROVEN, tree exhausted: 19553 nodes with symmetry, 100804 without]

--- orbit 0006 / 1 ---  g1=IIIIXXXXIIZZXX g2=IIIIXXIIXXXXZZ g3=IIIIIIZZZZZZZZ   |U_3| = 11186
    C(S3)/S3 dim 22, 2037794 weight-10 candidate classes, max cov1 = 5796, UB(M_8) = 11186
    M_8 = 11179 / 11186   residual 7 (w 3/3/1/0, dim 3, subgroup, X-only)   M_final = 91763   w4-undetected 0  <== ALL WEIGHT-4 DETECTED
============================================================
ALL WEIGHT-4 ERRORS DETECTED
============================================================
Weight-4 errors:
Detected: 81081
Undetected: 0
(orbit 0006)
================================================================
COMPARISON OF INEQUIVALENT OPTIMAL STAGE-1 SOLUTIONS
================================================================

Orbit     M3       |U3|     M8       Final     Residual  W4-undetected  Stage2
----------------------------------------------------------------------------
0006      80584    11186    11179    91763     7         0              best known
================================================================

GLOBAL BEST KNOWN over the tested Stage-1 orbits:
  orbit 0006,  M_8 = 11179 / 11186,  M_final = 91763 / 91770  (99.99237223 %)
  Stage-1 generators:
    g1 = IIIIXXXXIIZZXX
    g2 = IIIIXXIIXXXXZZ
    g3 = IIIIIIZZZZZZZZ
  Stage-2 generators:
    h1 = XIIIYXYIZXYYXX
    h2 = IXIIXIXXZYXYYZ
    h3 = IIXIXZXYXZXYIX
    h4 = XIIIXZZYIXZYZY
    h5 = IIIXZXZYXIYZYZ
    h6 = IIIZZXXYYXIYZX
    h7 = IIXIXYXZZXYIXZ
    h8 = IIIZYXIZZYXZYX

Remaining undetected errors: 7

Weight 1:
  XIIIIIIIIIIIII = X_0
  IXIIIIIIIIIIII = X_1
  IIXIIIIIIIIIII = X_2

Weight 2:
  XXIIIIIIIIIIII = X_0 X_1
  XIXIIIIIIIIIII = X_0 X_2
  IXXIIIIIIIIIII = X_1 X_2

Weight 3:
  XXXIIIIIIIIIII = X_0 X_1 X_2

Weight 4:
  (none)

Residual weight distribution: 3 / 3 / 1 / 0  (weights 1/2/3/4)
Residual set forms a subgroup (with the identity): YES
Residual subgroup dimension: 3
Generators:
  XIIIIIIIIIIIII = X_0
  IXIIIIIIIIIIII = X_1
  IIXIIIIIIIIIII = X_2
All residual errors are X-only: YES
Physical qubits involved: 0 1 2

NO FULL COVERAGE FOUND

Across all 1 tested inequivalent globally optimal Stage-1 solutions, the best
Stage-2 coverage is 11179 / 11186, leaving 7 residual errors (listed above).

Stage 1 is PROVEN globally optimal and its optimal family was enumerated
exhaustively.  Each Stage-2 search is heuristic unless marked PROVEN, so this
is a BEST-KNOWN result, not a proof of impossibility.

All weight-4 errors detected by some orbit: YES
Weight-4 error total (computed, not hard-coded): 81081

Elapsed: 1800.78 s
 
================ seed 987 ================ 
=== STAGE 1: all optimal three-generator weight-8 stabilizers ===
column types over F_2^3: 15   generator-permutation group S_3: 6 elements

Number of raw optimal Stage-1 solutions:
  148   (distinct optimal multisets of 14 column subspace types, i.e. already
         modulo the 14! qubit permutations and the (S_3)^14 local Cliffords)

Number of inequivalent optimal Stage-1 solutions:
  45   (additionally modulo the S_3 permutations of the three generators)

Stage-1 optimum: M_3 = 80584 / 91770,  |U_3| = 11186   [GLOBAL OPTIMUM PROVEN, tree exhausted: 19553 nodes with symmetry, 100804 without]

--- orbit 0006 / 1 ---  g1=IIIIXXXXIIZZXX g2=IIIIXXIIXXXXZZ g3=IIIIIIZZZZZZZZ   |U_3| = 11186
    C(S3)/S3 dim 22, 2037794 weight-10 candidate classes, max cov1 = 5796, UB(M_8) = 11186
    M_8 = 11179 / 11186   residual 7 (w 3/3/1/0, dim 3, subgroup, X-only)   M_final = 91763   w4-undetected 0  <== ALL WEIGHT-4 DETECTED
============================================================
ALL WEIGHT-4 ERRORS DETECTED
============================================================
Weight-4 errors:
Detected: 81081
Undetected: 0
(orbit 0006)
================================================================
COMPARISON OF INEQUIVALENT OPTIMAL STAGE-1 SOLUTIONS
================================================================

Orbit     M3       |U3|     M8       Final     Residual  W4-undetected  Stage2
----------------------------------------------------------------------------
0006      80584    11186    11179    91763     7         0              best known
================================================================

GLOBAL BEST KNOWN over the tested Stage-1 orbits:
  orbit 0006,  M_8 = 11179 / 11186,  M_final = 91763 / 91770  (99.99237223 %)
  Stage-1 generators:
    g1 = IIIIXXXXIIZZXX
    g2 = IIIIXXIIXXXXZZ
    g3 = IIIIIIZZZZZZZZ
  Stage-2 generators:
    h1 = XXIIXXZIZYIXXX
    h2 = XIIIXYZYXXIYXX
    h3 = IIXIXZYZIXYZYZ
    h4 = ZIIIXZZYXIZYYZ
    h5 = IZIIXZZYIZYXZX
    h6 = XYIIXXYZYIIXZX
    h7 = IIXIXZZXYXXIYX
    h8 = IIIXXYZIZYZXYX

Remaining undetected errors: 7

Weight 1:
  IIXIIIIIIIIIII = X_2
  IIIXIIIIIIIIII = X_3
  IIIIXIIIIIIIII = X_4

Weight 2:
  IIXXIIIIIIIIII = X_2 X_3
  IIXIXIIIIIIIII = X_2 X_4
  IIIXXIIIIIIIII = X_3 X_4

Weight 3:
  IIXXXIIIIIIIII = X_2 X_3 X_4

Weight 4:
  (none)

Residual weight distribution: 3 / 3 / 1 / 0  (weights 1/2/3/4)
Residual set forms a subgroup (with the identity): YES
Residual subgroup dimension: 3
Generators:
  IIXIIIIIIIIIII = X_2
  IIIXIIIIIIIIII = X_3
  IIIIXIIIIIIIII = X_4
All residual errors are X-only: YES
Physical qubits involved: 2 3 4

NO FULL COVERAGE FOUND

Across all 1 tested inequivalent globally optimal Stage-1 solutions, the best
Stage-2 coverage is 11179 / 11186, leaving 7 residual errors (listed above).

Stage 1 is PROVEN globally optimal and its optimal family was enumerated
exhaustively.  Each Stage-2 search is heuristic unless marked PROVEN, so this
is a BEST-KNOWN result, not a proof of impossibility.

All weight-4 errors detected by some orbit: YES
Weight-4 error total (computed, not hard-coded): 81081

Elapsed: 1800.69 s
 
================ seed 1597 ================ 
=== STAGE 1: all optimal three-generator weight-8 stabilizers ===
column types over F_2^3: 15   generator-permutation group S_3: 6 elements

Number of raw optimal Stage-1 solutions:
  148   (distinct optimal multisets of 14 column subspace types, i.e. already
         modulo the 14! qubit permutations and the (S_3)^14 local Cliffords)

Number of inequivalent optimal Stage-1 solutions:
  45   (additionally modulo the S_3 permutations of the three generators)

Stage-1 optimum: M_3 = 80584 / 91770,  |U_3| = 11186   [GLOBAL OPTIMUM PROVEN, tree exhausted: 19553 nodes with symmetry, 100804 without]

--- orbit 0006 / 1 ---  g1=IIIIXXXXIIZZXX g2=IIIIXXIIXXXXZZ g3=IIIIIIZZZZZZZZ   |U_3| = 11186
    C(S3)/S3 dim 22, 2037794 weight-10 candidate classes, max cov1 = 5796, UB(M_8) = 11186
    M_8 = 11179 / 11186   residual 7 (w 1/1/2/3, dim 5)   M_final = 91763   w4-undetected 3
================================================================
COMPARISON OF INEQUIVALENT OPTIMAL STAGE-1 SOLUTIONS
================================================================

Orbit     M3       |U3|     M8       Final     Residual  W4-undetected  Stage2
----------------------------------------------------------------------------
0006      80584    11186    11179    91763     7         3              best known
================================================================

GLOBAL BEST KNOWN over the tested Stage-1 orbits:
  orbit 0006,  M_8 = 11179 / 11186,  M_final = 91763 / 91770  (99.99237223 %)
  Stage-1 generators:
    g1 = IIIIXXXXIIZZXX
    g2 = IIIIXXIIXXXXZZ
    g3 = IIIIIIZZZZZZZZ
  Stage-2 generators:
    h1 = XIIIXYYXZIYYZZ
    h2 = IXIXZZXIXIXXXX
    h3 = IIXIXZXYXZXYXI
    h4 = IZIIIXXZZYXZZY
    h5 = ZIIIXZZYIXZYYZ
    h6 = ZIZIXXXXYXXIYI
    h7 = IZIIXYXZXYXIYX
    h8 = IIIXXYZIYZZXYX

Remaining undetected errors: 7

Weight 1:
  IIIXIIIIIIIIII = X_3

Weight 2:
  IZIIXIIIIIIIII = Z_1 X_4

Weight 3:
  IZIXXIIIIIIIII = Z_1 X_3 X_4
  IIIIIIIYIIYZII = Y_7 Y_10 Z_11

Weight 4:
  IYIIIIXIIYZIII = Y_1 X_6 Y_9 Z_10
  IIYIYIIZZIIIII = Y_2 Y_4 Z_7 Z_8
  IIIXIIIYIIYZII = X_3 Y_7 Y_10 Z_11

Residual weight distribution: 1 / 1 / 2 / 3  (weights 1/2/3/4)
Residual set forms a subgroup (with the identity): NO
Residual subgroup dimension: 5
Generators:
  IIIXIIIIIIIIII = X_3
  IZIIXIIIIIIIII = Z_1 X_4
  IIIIIIIYIIYZII = Y_7 Y_10 Z_11
  IYIIIIXIIYZIII = Y_1 X_6 Y_9 Z_10
  IIYIYIIZZIIIII = Y_2 Y_4 Z_7 Z_8
All residual errors are X-only: NO
Physical qubits involved: 1 2 3 4 6 7 8 9 10 11

NO FULL COVERAGE FOUND

Across all 1 tested inequivalent globally optimal Stage-1 solutions, the best
Stage-2 coverage is 11179 / 11186, leaving 7 residual errors (listed above).

Stage 1 is PROVEN globally optimal and its optimal family was enumerated
exhaustively.  Each Stage-2 search is heuristic unless marked PROVEN, so this
is a BEST-KNOWN result, not a proof of impossibility.

All weight-4 errors detected by some orbit: NO
Weight-4 error total (computed, not hard-coded): 81081

Elapsed: 1800.68 s
 
Finished Sun 08/30/2026 20:58:12.16 
