=========================================================================
hitset14 -- residual-targeted column replacement, [[14,3,5]] search
started 2026-09-01 13:15:48   threads 12
=========================================================================
---- STARTING 11-GENERATOR CODE ----
  generator weights            : 8 8 8 10 10 10 10 10 10 10 10
  all 55 generator pairs commute: OK
  rank of the check matrix     : 11 OK
  every column spans a 2-dim W : OK
  Pluecker sum over columns = 0: OK
  weight-<=4 errors enumerated : 91770
  undetected (zero syndrome)   : 5   [w1=0 w2=0 w3=2 w4=3]
  of those outside stabilizer  : 5  (these are the real distance failures)
  min non-zero stabilizer weight: 6
      IIIXIIIIIIIIZZ = X_3 Z_12 Z_13
      IIIIIIXZIIIXII = X_6 Z_7 X_11
      YIIIIZIIIYIXII = Y_0 Z_5 Y_9 X_11
      IXIIIIZYXIIIII = X_1 Z_6 Y_7 X_8
      IIZIXIIIIIXXII = Z_2 X_4 X_10 X_11
  independent column-only distance routine: 5 violating tuples (must equal 5) OK
=========== IMPROVEMENT SCAN, r = 3 : 12 feasible subsets ===========
   improvement scan: residual count 17  (free qubits 1 3 11)
   improvement scan: residual count 5  (free qubits 1 3 11)
  complete replacements examined : 21435
  rejected (bad column or rank)  : 0
  branches with rank slack (NOT scanned) : 0
  BEST residual count found      : 5   (the starting code has 5)
  runtime                        : 0h 01m 39s
  STATUS: EXHAUSTIVE over all valid 3-column replacements.
=====================================================================

