=== targeted refinement around the known 3+8 solution (Stage-1 orbit 0006) ===
g1 = IIIIXXXXIIZZXX  weight 8
g2 = IIIIXXIIXXXXZZ  weight 8
g3 = IIIIIIZZZZZZZZ  weight 8

|U_3| = 11186   (weights 1/2/3/4 = 14/119/1148/9905),  total errors 91770,  weight-4 total 81081
V = C(S3)/S3 dim 22 (4194304 classes);  7387821 weight-10 Paulis reach 2037794 classes;  max cov1 = 5796

incumbent: M_8 = 11181 / 11186, residual 5 (w 0/0/2/3), M_final = 91765 / 91770
verification: weights OK, [h,g] OK, [h,h] OK, rank 11 OK, brute-force coverage 11181 OK (matches the algebraic identity)
weight-4 errors: 81078 detected, 3 undetected (total 81081)

[phase 1] exhaustive 1-opt (every replacement of one generator by any of the 2037794 weight-10 classes) ...
[phase 1] no improvement -- incumbent is 1-opt optimal   residual now 5   (0.4 s)

[phase 2] exhaustive 2-opt over all 28 pairs of dropped generators ...
    2-opt drop(0,1): 32743 candidates, 63360 hits
    2-opt drop(0,2): 32737 candidates, 42228 hits
    2-opt drop(0,3): 32744 candidates, 42240 hits
    2-opt drop(0,4): 32760 candidates, 21356 hits
    2-opt drop(0,5): 32725 candidates, 42240 hits
    2-opt drop(0,6): 32747 candidates, 21592 hits
    2-opt drop(0,7): 32757 candidates, 42700 hits
    2-opt drop(1,2): 32745 candidates, 21840 hits
    2-opt drop(1,3): 32763 candidates, 21838 hits
    2-opt drop(1,4): 32738 candidates, 42720 hits
    2-opt drop(1,5): 32721 candidates, 42716 hits
    2-opt drop(1,6): 32719 candidates, 42684 hits
    2-opt drop(1,7): 32739 candidates, 42716 hits
    2-opt drop(2,3): 32745 candidates, 21598 hits
    2-opt drop(2,4): 32753 candidates, 10799 hits
    2-opt drop(2,5): 32730 candidates, 21828 hits
    2-opt drop(2,6): 32748 candidates, 11041 hits
    2-opt drop(2,7): 32747 candidates, 21356 hits
    2-opt drop(3,4): 32752 candidates, 10680 hits
    2-opt drop(3,5): 32748 candidates, 21358 hits
    2-opt drop(3,6): 32755 candidates, 11040 hits
    2-opt drop(3,7): 32764 candidates, 21358 hits
    2-opt drop(4,5): 32745 candidates, 21586 hits
    2-opt drop(4,6): 32730 candidates, 21594 hits
    2-opt drop(4,7): 32743 candidates, 21356 hits
    2-opt drop(5,6): 32716 candidates, 21592 hits
    2-opt drop(5,7): 32715 candidates, 62658 hits
    2-opt drop(6,7): 32735 candidates, 44150 hits
[phase 2] no improvement -- incumbent is 1-opt AND 2-opt optimal   residual now 5   (47.1 s)

[phase 3] 3-opt: 56 drop-triples, first replacement over the top-16 classes by coset gain, last two exhaustive.  Residual-targeted rounds alternate with untargeted ones.
  sweep: breadth M=16, target none, residual 5, 2353 s left
  sweep: breadth M=16, target X_3 Z_12 Z_13, residual 5, 1003 s left
  sweep: breadth M=16, target X_6 Z_7 X_11, residual 5, 947 s left
  sweep: breadth M=16, target Y_0 Z_5 Y_9 X_11, residual 5, 928 s left
  sweep: breadth M=16, target X_1 Z_6 Y_7 X_8, residual 5, 775 s left
  sweep: breadth M=16, target Z_2 X_4 X_10 X_11, residual 5, 635 s left
  sweep: breadth M=32, target none, residual 5, 565 s left
============================================================
TARGETED REFINEMENT RESULT
============================================================

Fixed Stage-1 orbit:
0006

Stage-1:
M3 = 80584 / 91770
U3 = 11186

Starting Stage-2 residual:
5

Best Stage-2 residual:
5

Improvement:
0

M8:
11181 / 11186

M_final:
91765 / 91770

Residual weight distribution:
w1 = 0
w2 = 0
w3 = 2
w4 = 3

All weight-4 errors detected:
NO   (81078 / 81081)

Remaining undetected errors: 5

Weight 1:
  (none)

Weight 2:
  (none)

Weight 3:
  IIIXIIIIIIIIZZ = X_3 Z_12 Z_13
  IIIIIIXZIIIXII = X_6 Z_7 X_11

Weight 4:
  YIIIIZIIIYIXII = Y_0 Z_5 Y_9 X_11
  IXIIIIZYXIIIII = X_1 Z_6 Y_7 X_8
  IIZIXIIIIIXXII = Z_2 X_4 X_10 X_11

Residual weight distribution: 0 / 0 / 2 / 3  (weights 1/2/3/4)
Residual set forms a subgroup (with the identity): NO
Residual span dimension: 5
Generators:
  IIIXIIIIIIIIZZ = X_3 Z_12 Z_13
  IIIIIIXZIIIXII = X_6 Z_7 X_11
  YIIIIZIIIYIXII = Y_0 Z_5 Y_9 X_11
  IXIIIIYXXIIXII = X_1 Y_6 X_7 X_8 X_11
  IIZIXIIIIIXXII = Z_2 X_4 X_10 X_11
All residual errors are X-only: NO
Physical qubits involved: 0 1 2 3 4 5 6 7 8 9 10 11 12 13

Stage-1 generators:
g1 = IIIIXXXXIIZZXX
g2 = IIIIXXIIXXXXZZ
g3 = IIIIIIZZZZZZZZ

Stage-2 generators:
h1 = IXIXXXIZYZIXXX
h2 = IZXIXXYIXYIYXX
h3 = IIIZYXZXYXZIZY
h4 = IIIYXZYIYZZYZX
h5 = IIZIXZXYZXZYIZ
h6 = XIIIXYXZXYIXYX
h7 = IIYIZXZXYXXIYX
h8 = ZIIIZXIZZYZXYX

Search time:
2400.81 s

Seeds:
1

Neighbourhoods searched EXHAUSTIVELY (over all 2037794 weight-10 classes):
  1-opt : every replacement of one of the eight generators
  2-opt : every simultaneous replacement of two of them
  3-opt : all 56 drop-triples, first replacement over the top-16 classes by coset
          gain, the remaining two exhaustive

Status:
BEST KNOWN

No improvement over the incumbent was found.
The 5-residual solution remains BEST KNOWN.
No impossibility claim is made.
What IS established: the incumbent is optimal against every 1-generator and every
2-generator replacement, exhaustively over all 2037794 weight-10 classes.
============================================================
